#chr	start	end	size_kb	size_markers	upd_markers	source	het_percentage	q-score
